// Jest Snapshot v1, https://goo.gl/fbAQLP

exports[`NewCardForm that it matches the existing snapshot 1`] = `
<DocumentFragment>
  <form
    class="new-card-form"
  >
    <h3
      class="new-card-form__header"
    >
      What inspires you?
    </h3>
    <div
      class="new-card-form_form"
    >
      <label
        class="new-card-form__form-label"
        for="text"
      >
        Text:
      </label>
      <input
        class="new-card-form__form-textarea"
        name="text"
        placeholder="text"
        value=""
      />
    </div>
    <div
      class="new-card-form_form"
    >
      <label
        class="new_card_form_form-label"
        for="emoji"
      >
        Emoji:
        <option
          value=""
        />
        <option
          value="heart_eyes"
        >
          😍
        </option>
        <option
          value="beer"
        >
          🍺
        </option>
        <option
          value="clap"
        >
          👏
        </option>
        <option
          value="sparkling_heart"
        >
          💖
        </option>
        <option
          value="heart_eyes_cat"
        >
          😻
        </option>
        <option
          value="dog"
        >
          🐶
        </option>
      </label>
      <input
        class="new-card-form__form-textarea"
        name="emoji"
        placeholder="emoji"
        value=""
      />
    </div>
    <input
      class="new-card-form__form-button"
      type="submit"
      value="Add Card"
    />
  </form>
</DocumentFragment>
`;
