// Jest Snapshot v1, https://goo.gl/fbAQLP

exports[`Card that Card matches the existing snapshot 1`] = `
<DocumentFragment>
  <div
    class="card"
  >
    <div
      class="card__content"
    >
      <p
        class="card__content-text"
      >
        Hi!
      </p>
      <p
        class="card__content-emoji"
      />
    </div>
    <button
      class="card__delete"
    >
      Delete
    </button>
  </div>
</DocumentFragment>
`;
