// Jest Snapshot v1, https://goo.gl/fbAQLP

exports[`Card that it matches the existing snapshot 1`] = `
<DocumentFragment>
  <div
    class="card"
  >
    <h2
      class="card__content"
    >
      <p
        class="card__content-text"
      />
      <p
        class="card__content-emoji"
      />
      <button
        class="card__delete"
      >
        Delete Me
      </button>
    </h2>
  </div>
</DocumentFragment>
`;
