// Jest Snapshot v1, https://goo.gl/fbAQLP

exports[`NewCardForm that it matches the existing snapshot 1`] = `
<DocumentFragment>
  <div
    class="new-card__form"
  >
    <h2
      class="new-card-form__header"
    >
       Add an INSPIRATION card:
    </h2>
    <form
      class="new-card-form--form"
    >
      <div>
        <label
          class="new-card-form__form-label"
          for="text"
        />
        <textarea
          class="new-card-form__form-textarea"
          data-testid="text"
          id="text"
          name="text"
        />
      </div>
      <div>
        <label
          class="new-card-form__form-label"
          for="emoji"
        />
        <select
          class="new-card-form__form-select"
          id="emoji"
          name="emoji"
        >
          <option
            value=""
          />
          <option
            value="heart_eyes"
          >
            😍
          </option>
          <option
            value="beer"
          >
            🍺
          </option>
          <option
            value="clap"
          >
            👏
          </option>
          <option
            value="sparkling_heart"
          >
            💖
          </option>
          <option
            value="heart_eyes_cat"
          >
            😻
          </option>
          <option
            value="dog"
          >
            🐶
          </option>
        </select>
      </div>
      <input
        class="new-card-form__form-button"
        type="submit"
        value="Add Card !!"
      />
    </form>
  </div>
</DocumentFragment>
`;
